Flow compiler (3rd generation)

Processing 'orbit' on http server

Array value at index 2: 30
Subarray: [20, 30, 40]
String character at index 4: i
Modulo result: 3
Compare result: 1
Joined string: This is a test
String contains at position: true
Character array: [65, 66, 67]
String from char array: ABC
Reversed array: [50, 40, 30, 20, 10]
Capitalized string: Test string
Decapitalized string: test String
Is integer check: true
Is string check: true
Is array check: true
Result: "Is array check: true"
VERIFY - THIS OUTPUT NEEDS HUMAN VERIFICATION
