Flow compiler (3rd generation)

Processing 'orbit' on http server

TODO: Interpret OrRule: 5 ⇒ 5 * factorial(5 - 1)
TODO: Interpret OrRule: 10 ⇒ 10 * factorial(10 - 1)
TODO: Interpret OrRule: 0 ⇒ sumHelper(arr, index + 1, acc + index(arr, index))
TODO: Interpret OrRule: 0 ⇒ let newResult = result + [func(index(arr, index))];
helper(arr, func, index + 1, newResult)
Factorial of 5: 5
Factorial of 10: 10
Formatted message: Hello, Alice! You are 30 years old.
Sum of array: 0
ERROR: Expected int, not [5, 10, 15, 20, 25]
Original array: 0
Doubled array: 0
Result: "Doubled array: 0"
VERIFY - THIS OUTPUT NEEDS HUMAN VERIFICATION
