Basic identity function: id x
((λx.x) x)
Church Boolean true: (true a b) -> a
(((λx.(λy.x)) Int(1)) Int(2))
Church Boolean false: (false a b) -> b
(((λx.(λy.y)) Int(1)) Int(2))
Church Numeral: successor of zero
((λn.(λf.(λx.(f ((n f) x))))) (λf.(λx.x)))
Church Numeral: 1 + 2
(((λm.(λn.(λf.(λx.((m f) ((n f) x)))))) (λf.(λx.(f x)))) (λf.(λx.(f (f x)))))
Result: 0
