SCATTER FUNCTION DEMONSTRATION
============================
Example from prompt: scatter(`+`, [1, 2]) == 1 + 2
In Orbit, this is achieved with:
Quoted: `+`([1, 2])
After scatter: (1 + 2) = 1 + 2
With more terms and multiplication:
Quoted: `*`([3, 4, 5])
After scatter: ((3 + 4) + 5)
TEST GLEX_REWRITE FUNCTION
========================
This function takes any polynomial expression and rewrites it
with its terms sorted in Graded Lexicographic (GLEX) ordering:
  1. Higher total degree terms come first
  2. For terms with the same degree, lexicographic ordering is used
Original expression: ((((((x * y) + (z^3)) + 1) + (x^3)) + (y * z)) + ((x^2) * y))
ERROR: Cannot scatter empty operand array
GLEX ordered:       `+`(sorted_terms)
Original expression: (((3 * (x^2)) + (2 * x)) + 5)
ERROR: Cannot scatter empty operand array
GLEX ordered:       `+`(sorted_terms)
Original expression: (((((a * b) * c) + (c * d)) + (a * b)) + 1)
ERROR: Cannot scatter empty operand array
GLEX ordered:       `+`(sorted_terms)
Original expression: (((z^2) + (y^2)) + (x^2))
ERROR: Cannot scatter empty operand array
GLEX ordered:       `+`(sorted_terms)
Original expression: ((((x + y)^2) + (x + y)) + 1)
ERROR: Cannot scatter empty operand array
GLEX ordered:       `+`(sorted_terms)
Result: 0
VERIFY - THIS OUTPUT NEEDS HUMAN VERIFICATION
