Flow compiler (3rd generation)

Processing 'orbit' on http server

Test 1: Should NOT see side effect until eval
Evaluating the expression
Side effect executed
Result: 42

Test 2: Conditional evaluation, should only see one side effect
Evaluating true expression
Result: 1

Test 3: Lazy arithmetic, evaluations in order
Computing first value
Computing second value
Adding numbers
Result: 30
Result: "Result: 30"
