Quote test results:
expr1 AST: (a + b)
expr2 AST: if (x > 0) then 
	true 
else 
	false
expr3 AST: f(1, 2, 3)
AST name for expr1: +
AST name for expr2: If
AST name for expr3: Call
==== AST STRUCTURE TEST ====
Expression: a && b
AST structure: &&
Full AST: (a ∧ b)
Expression: a || b
AST structure: ||
Full AST: (a ∨ b)
Expression: !a
AST structure: !
Full AST: ¬a
Result: 0
