Flow compiler (3rd generation)

Processing 'orbit' on http server

Sum: 12
Concatenated: Hello World
Array length: 5
ERROR: Expected int, not false
Comparison c (a > b): 0
ERROR: Expected int, not true
Comparison d (a < b): 0
ERROR: Expected int, not true
Comparison e (a == 5): 0
ERROR: Expected int, not false
Logical AND (c && d): 0
ERROR: Expected int, not true
Logical OR (c || d): 0
ERROR: Expected int, not true
Logical NOT (!c): 0
String length: 14
Substring: example
Number to string: 42
String to number: 123
Nested calls: 50
Result: "Nested calls: 50"
VERIFY - THIS OUTPUT NEEDS HUMAN VERIFICATION
